
> portfolio@0.1.0 build
> next build

Ôû▓ Next.js 16.2.6 (Turbopack)

  Creating an optimized production build ...
node.exe : Error: Cannot apply unknown utility class `bg-dark-bg`. Are you 
using CSS modules or similar and missing `@reference`? 
https://tailwindcss.com/docs/functions-and-directives#reference-directive
At line:1 char:1
+ & "C:\Program Files\nodejs/node.exe" "C:\Program Files\nodejs/node_mo ...
+ ~~~~~~~~~~~~~~~~~~~~~~~~~~~~~~~~~~~~~~~~~~~~~~~~~~~~~~~~~~~~~~~~~~~~~
    + CategoryInfo          : NotSpecified: (Error: Cannot a...rence-directive 
   :String) [], RemoteException
    + FullyQualifiedErrorId : NativeCommandError
 
    [2m[at onInvalidCandidate (C:\Users\EURO 
COMPUTERS\Desktop\portfolio\node_modules\tailwindcss\dist\lib.js:21:1314)][0m
    [2m[at Ne (C:\Users\EURO 
COMPUTERS\Desktop\portfolio\node_modules\tailwindcss\dist\lib.js:16:38783)][0m
    [2m[at C:\Users\EURO 
COMPUTERS\Desktop\portfolio\node_modules\tailwindcss\dist\lib.js:21:355][0m
    [2m[at zr (C:\Users\EURO 
COMPUTERS\Desktop\portfolio\node_modules\tailwindcss\dist\lib.js:3:1733)][0m
    [2m[at I (C:\Users\EURO 
COMPUTERS\Desktop\portfolio\node_modules\tailwindcss\dist\lib.js:3:1377)][0m
    [2m[at Ee (C:\Users\EURO 
COMPUTERS\Desktop\portfolio\node_modules\tailwindcss\dist\lib.js:21:172)][0m
    [2m[at vn (C:\Users\EURO 
COMPUTERS\Desktop\portfolio\node_modules\tailwindcss\dist\lib.js:38:294)][0m
    [2m[at process.processTicksAndRejections 
(node:internal/process/task_queues:103:5)][0m
    [2m[at async kn (C:\Users\EURO 
COMPUTERS\Desktop\portfolio\node_modules\tailwindcss\dist\lib.js:38:631)][0m
    [2m[at async Xr (C:\Users\EURO COMPUTERS\Desktop\portfolio\node_modules\@t
ailwindcss\node\dist\index.js:10:3415)][0m

> Build error occurred
Error: Turbopack build failed with 2 errors:
./app/globals.css
Error evaluating Node.js code
CssSyntaxError: tailwindcss: C:\Users\EURO 
COMPUTERS\Desktop\portfolio\app\globals.css:1:1: Cannot apply unknown utility 
class `bg-dark-bg`. Are you using CSS modules or similar and missing 
`@reference`? 
https://tailwindcss.com/docs/functions-and-directives#reference-directive
    at Input.error (node_modules/postcss/lib/input.js:135:16) [C:\Users\EURO CO
MPUTERS\Desktop\portfolio\.next\build\chunks\node_modules_13sb.px._.js:4692:22]
    at error (node_modules/postcss/lib/node.js:146:32) [C:\Users\EURO COMPUTERS
\Desktop\portfolio\.next\build\chunks\node_modules_13sb.px._.js:954:38]
    [at Object.Once (C:\Users\EURO COMPUTERS\Desktop\portfolio\node_modules\@ta
ilwindcss\postcss\dist\index.js:10:6917)]
    [at process.processTicksAndRejections 
(node:internal/process/task_queues:103:5)]
    at async LazyResult.runAsync 
(node_modules/postcss/lib/lazy-result.js:293:11) [C:\Users\EURO COMPUTERS\Deskt
op\portfolio\.next\build\chunks\node_modules_13sb.px._.js:6255:21]
    at async transform 
(turbopack:///[turbopack-node]/transforms/postcss.ts:70:34) [C:\Users\EURO COMP
UTERS\Desktop\portfolio\.next\build\chunks\[root-of-the-server]__0d-m0h0._.js:1
46:36]
    at async run 
(turbopack:///[turbopack-node]/child_process/evaluate.ts:89:23) [C:\Users\EURO 
COMPUTERS\Desktop\portfolio\.next\build\chunks\[root-of-the-server]__0ubbtyl._.
js:443:31]

Import trace:
  Client Component Browser:
    ./app/globals.css [Client Component Browser]
    ./app/layout.tsx [Server Component]


./components/ContactSection.tsx:1:17
You're importing a module that depends on `useState` into a React Server 
Component module. This API is only available in Client Components. To fix, 
mark the file (or its parent) with the `"use client"` directive.
    Learn more: https://nextjs.org/docs/app/api-reference/directives/use-client
[31m[1m>[0m [90m1 |[0m [36mimport[0m [33mReact[0m, { useState } 
[36mfrom[0m [32m'react'[0m;
  [90m  |[0m                 [31m[1m^^^^^^^^[0m
  [90m2 |[0m [36mimport[0m { motion } [36mfrom[0m 
[32m'framer-motion'[0m;
  [90m3 |[0m [36mimport[0m { [33mMail[0m, [33mGithub[0m, 
[33mLinkedin[0m, [33mExternalLink[0m, [33mArrowRight[0m } [36mfrom[0m 
[32m'lucide-react'[0m;
  [90m4 |[0m [36mimport[0m [33mButton[0m [36mfrom[0m 
[32m'./Button'[0m;

Ecmascript file had an error

Import trace:
  Server Component:
    ./components/ContactSection.tsx
    ./app/page.tsx


    at async transform 
(turbopack:///[turbopack-node]/transforms/postcss.ts:70:34) [C:\Users\EURO COMP
UTERS\Desktop\portfolio\.next\build\chunks\[root-of-the-server]__0d-m0h0._.js:1
46:36])
    at async run 
(turbopack:///[turbopack-node]/child_process/evaluate.ts:89:23) [C:\Users\EURO 
COMPUTERS\Desktop\portfolio\.next\build\chunks\[root-of-the-server]__0ubbtyl._.
js:443:31])
    at <unknown> (./components/ContactSection.tsx:1:17)
